// Jest Snapshot v1, https://goo.gl/fbAQLP

exports[`LandingPage matches snapshot 1`] = `
<div
  className="sc-bdVaJa hTNkow"
>
  <div
    className="sc-bwzfXH kxSzcM"
  >
    <img
      className="sc-htpNat eLOsTG"
      src="logo.jpg"
    />
  </div>
  <div
    className="sc-bxivhb cJIDSb"
  >
    <h1
      className="sc-ifAKCX fYqTli"
    >
      CONNECT 5
    </h1>
    <p
      className="sc-EHOje cHqoyu"
    >
      Connect 5 has been developed to give frontline staff the confidence to have more effective conversations with the public about their mental health and wellbeing
    </p>
  </div>
  <a
    className="sc-bZQynM sgObo"
    href="/trainer"
    onClick={[Function]}
  >
    Iâ€™m a Connect 5 Trainer
  </a>
  <a
    className="sc-bZQynM sgObo"
    href="/about-us"
    onClick={[Function]}
  >
    Learn about Connect 5
  </a>
</div>
`;
