// Jest Snapshot v1, https://goo.gl/fbAQLP

exports[`SessionDetails matches snapshot 1`] = `
<div
  className="sc-bdVaJa jExVmn"
>
  <div
    className="sc-bwzfXH ekyToE"
  >
    <div
      className="sc-htpNat dDDduC"
    >
      <h1>
        Session Details
      </h1>
    </div>
    <div
      className="sc-bxivhb cMkSyr"
    />
  </div>
  <div
    className="sc-ifAKCX ivJThE"
  >
    <div
      className="sc-EHOje etMTDo"
    >
      <div
        className="sc-bZQynM fTLMmD"
      >
        <div
          className="sc-dnqmqq jGEbHI"
        >
          Date
        </div>
        <div
          className="sc-iwsKbI hQYCHX"
        >
          01/01/1970
        </div>
      </div>
      <div
        className="sc-bZQynM fTLMmD"
      >
        <div
          className="sc-dnqmqq jGEbHI"
        >
          Type
        </div>
        <div
          className="sc-iwsKbI hQYCHX"
        >
          1
        </div>
      </div>
      <div
        className="sc-bZQynM fTLMmD"
      >
        <div
          className="sc-dnqmqq jGEbHI"
        >
          Attendees
        </div>
        <div
          className="sc-iwsKbI hQYCHX"
        >
          10
        </div>
      </div>
    </div>
    <div
      className="sc-gZMcBi hRbZzM"
    >
      <div
        className="sc-kAzzGY brdSJE"
      >
        <div
          className="sc-gZMcBi sc-gqjmRU ecWkXe"
        >
          <div
            className="sc-gzVnrw hFxObc"
          >
            <div
              className="sc-htoDjs cTWPSR"
            >
              <div
                className="sc-fjdhpX ejPixh"
              >
                <span
                  className="sc-jTzLTM gkQkbK"
                >
                  Pre-Survey
                </span>
                Link
              </div>
              <div
                className="sc-kkGfuU fbneOr"
              >
                <div
                  className="sc-jzJRlG bEvwBw"
                  onClick={[Function]}
                >
                  <i
                    className="fas fa-info-circle"
                  />
                  <span
                    className="sc-VigVT gGKHMo"
                  >
                    info
                  </span>
                </div>
                <copyLink>
                  <button
                    className="sc-eNQAEJ eEQhZo"
                    onClick={[Function]}
                    style={
                      Object {
                        "cursor": "pointer",
                      }
                    }
                  >
                    <i
                      className="far fa-clone"
                    />
                    <span
                      className="sc-VigVT gGKHMo"
                    >
                      copy
                    </span>
                  </button>
                </copyLink>
              </div>
            </div>
            <a
              className="sc-chPdSV lfKpfA"
              href="localhost/survey/0undefined"
            >
              localhost/survey/0undefined
            </a>
            <button
              className="sc-hMqMXs gAuTYf"
            >
              <a
                aria-current={null}
                className="sc-kEYyzF bLOOzH"
                href="/session/details/undefined/1"
                onClick={[Function]}
              >
                 Survey Results 
              </a>
            </button>
          </div>
          <div
            className="sc-gzVnrw hFxObc"
          >
            <div
              className="sc-htoDjs cTWPSR"
            >
              <div
                className="sc-fjdhpX ejPixh"
              >
                <span
                  className="sc-jTzLTM gkQkbK"
                >
                  Survey 1
                </span>
                Link
              </div>
              <div
                className="sc-kkGfuU fbneOr"
              >
                <div
                  className="sc-jzJRlG bEvwBw"
                  onClick={[Function]}
                >
                  <i
                    className="fas fa-info-circle"
                  />
                  <span
                    className="sc-VigVT gGKHMo"
                  >
                    info
                  </span>
                </div>
                <copyLink>
                  <button
                    className="sc-eNQAEJ eEQhZo"
                    onClick={[Function]}
                    style={
                      Object {
                        "cursor": "pointer",
                      }
                    }
                  >
                    <i
                      className="far fa-clone"
                    />
                    <span
                      className="sc-VigVT gGKHMo"
                    >
                      copy
                    </span>
                  </button>
                </copyLink>
              </div>
            </div>
            <a
              className="sc-chPdSV lfKpfA"
              href="localhost/survey/1undefined"
            >
              localhost/survey/1undefined
            </a>
            <button
              className="sc-hMqMXs gAuTYf"
            >
              <a
                aria-current={null}
                className="sc-kEYyzF bLOOzH"
                href="/session/details/undefined/1"
                onClick={[Function]}
              >
                 Survey Results 
              </a>
            </button>
          </div>
        </div>
      </div>
    </div>
  </div>
  <div
    className="sc-kGXeez hmiuWc"
  >
    <div
      className="sc-kpOJdX ieBFuD"
    >
      <button
        className="sc-dxgOiQ hvurjS"
        onClick={[Function]}
        type="button"
      >
        <i
          className="far fa-edit sc-ckVGcZ ewqYsR"
        />
      </button>
      <span
        className="sc-jKJlTe libXlj"
      >
        edit session
      </span>
    </div>
    <div
      className="sc-kpOJdX ieBFuD"
    >
      <button
        className="sc-dxgOiQ hvurjS"
        onClick={[Function]}
        type="button"
      >
        <i
          className="fas fa-trash-alt sc-ckVGcZ ewqYsR"
        />
      </button>
      <span
        className="sc-jKJlTe libXlj"
      >
        delete session
      </span>
    </div>
  </div>
</div>
`;
