// Jest Snapshot v1, https://goo.gl/fbAQLP

exports[`Header matches snapshot 1`] = `
<div
  className="sc-bdVaJa impWWl"
>
  <div
    className="sc-bwzfXH knLnjD"
  >
    <div
      className="sc-htpNat hCbTwr"
    >
      <h1>
        Sessions
      </h1>
    </div>
    <div
      className="sc-bxivhb duVSGE"
    />
  </div>
  <div
    className="sc-ifAKCX iXFYMM"
  >
    <div
      className="sc-EHOje duePZK"
    >
      <div
        className="sc-bZQynM bCcrvh"
      >
        <div
          className="sc-gzVnrw eignuG"
        >
          Date
        </div>
        <div
          className="sc-gzVnrw eignuG"
        >
          Type
        </div>
        <div
          className="sc-gzVnrw eignuG"
        >
          Details
        </div>
      </div>
    </div>
    <div
      className="sc-htoDjs iZtPOa"
    />
  </div>
</div>
`;
