// Jest Snapshot v1, https://goo.gl/fbAQLP

exports[`Login matches snapshot 1`] = `
<div
  className="sc-bdVaJa igwPHD"
>
  <h1
    className="sc-bwzfXH dlvvLL"
  >
    Trainer Login
  </h1>
  <form
    className="sc-htpNat fpqVLn"
    noValidate={true}
    onSubmit={[Function]}
  >
    <input
      className="sc-bxivhb lnZpdN"
      name="email"
      onChange={[Function]}
      placeholder="Email Address"
      type="email"
      value=""
    />
    <input
      className="sc-bxivhb lnZpdN"
      name="password"
      onChange={[Function]}
      placeholder="Password"
      type="password"
      value=""
    />
    <input
      className="sc-bxivhb lnZpdN"
      type="submit"
    />
  </form>
</div>
`;
